sp<2> 1 2
sp<2> 1 1
sp<3> 2 2 1
sp<2> 2 0
sp<1> 2
sp<1> -4
sp<1> -4
> sp<1> -4
